// Jest Snapshot v1, https://goo.gl/fbAQLP

exports[`Is not found rendered 1`] = `
<p
  style={
    Object {
      "textAlign": "center",
    }
  }
>
  Not found
</p>
`;
