// Jest Snapshot v1, https://goo.gl/fbAQLP

exports[`AddReview renders correctly 1`] = `""`;
