// Jest Snapshot v1, https://goo.gl/fbAQLP

exports[`SignIn correctly renders after relaunch 1`] = `null`;
